ID = 170K_TRVPS
TYPE = de.julielab.jules.types.ResourceEntry
PARENT = 170K
DISPLAY = 170K (Tobacco rattle virus (strain PSG))
ORGANISM = tobacco rattle virus (strain psg)
PRINT ENTRY = Putative 170 kDa protein
FUNCTION = 170K (Tobacco rattle virus (strain PSG))
##
ID = CBR1_HUMAN
TYPE = de.julielab.jules.types.ResourceEntry
PARENT = CBR1
DISPLAY = CBR1 (Homo sapiens)
ORGANISM = homo sapiens
PRINT ENTRY = 15-hydroxyprostaglandin dehydrogenase [NADP+]
PRINT ENTRY = CBR
PRINT ENTRY = CBR1
PRINT ENTRY = CRN
PRINT ENTRY = Carbonyl reductase [NADPH] 1
PRINT ENTRY = NADPH-dependent carbonyl reductase 1
PRINT ENTRY = Prostaglandin 9-ketoreductase
PRINT ENTRY = Prostaglandin-E(2) 9-reductase
FUNCTION = CBR1 (Homo sapiens)
##
ID = CBR1_RAT
TYPE = de.julielab.jules.types.ResourceEntry
PARENT = CBR1
DISPLAY = CBR1 (Rattus norvegicus)
ORGANISM = rattus norvegicus
PRINT ENTRY = Carbonyl reductase [NADPH] 1
PRINT ENTRY = Cbr
PRINT ENTRY = Cbr1
PRINT ENTRY = NADPH-dependent carbonyl reductase 1
FUNCTION = CBR1 (Rattus norvegicus)
##
ID = FSHB_BOVIN
TYPE = de.julielab.jules.types.ResourceEntry
PARENT = FSHB
DISPLAY = FSHB (Bos taurus)
ORGANISM = bos taurus
PRINT ENTRY = FSH-B
PRINT ENTRY = FSH-beta
PRINT ENTRY = FSHB
PRINT ENTRY = Follicle-stimulating hormone beta subunit
PRINT ENTRY = Follitropin beta chain
PRINT ENTRY = Follitropin subunit beta
FUNCTION = Stimulates development of follicle and spermatogenesis in the reproductive organs
##
ID = GLNA_COLGL
TYPE = de.julielab.jules.types.ResourceEntry
PARENT = GLNA
DISPLAY = GLNA (Colletotrichum gloeosporioides)
ORGANISM = colletotrichum gloeosporioides
PRINT ENTRY = GLN
PRINT ENTRY = GLN1
PRINT ENTRY = GS
PRINT ENTRY = Glutamate--ammonia ligase
PRINT ENTRY = Glutamine synthetase
FUNCTION = GLNA (Colletotrichum gloeosporioides)
##
ID = GLNA_CRIGR
TYPE = de.julielab.jules.types.ResourceEntry
PARENT = GLNA
DISPLAY = GLNA (Cricetulus griseus)
ORGANISM = cricetulus griseus
PRINT ENTRY = GLUL
PRINT ENTRY = GS
PRINT ENTRY = Glutamate--ammonia ligase
PRINT ENTRY = Glutamine synthetase
FUNCTION = GLNA (Cricetulus griseus)
##
ID = GLNA_MOUSE
TYPE = de.julielab.jules.types.ResourceEntry
PARENT = GLNA
DISPLAY = GLNA (Mus musculus)
ORGANISM = mus musculus
PRINT ENTRY = GS
PRINT ENTRY = Glns
PRINT ENTRY = Glul
PRINT ENTRY = Glutamate--ammonia ligase
PRINT ENTRY = Glutamine synthetase
FUNCTION = GLNA (Mus musculus)
##
ID = NF2L1_HUMAN
TYPE = de.julielab.jules.types.ResourceEntry
PARENT = NF2L1
DISPLAY = NF2L1 (Homo sapiens)
ORGANISM = homo sapiens
PRINT ENTRY = HBZ17
PRINT ENTRY = Locus control region-factor 1
PRINT ENTRY = NF-E2-related factor 1
PRINT ENTRY = NFE2-related factor 1
PRINT ENTRY = NFE2L1
PRINT ENTRY = NRF1
PRINT ENTRY = Nuclear factor erythroid 2-related factor 1
PRINT ENTRY = Nuclear factor, erythroid derived 2, like 1
PRINT ENTRY = TCF11
PRINT ENTRY = Transcription factor 11
PRINT ENTRY = Transcription factor HBZ17
PRINT ENTRY = Transcription factor LCR-F1
FUNCTION = Activates erythroid-specific, globin gene expression
##
ID = NF2L1_MOUSE
TYPE = de.julielab.jules.types.ResourceEntry
PARENT = NF2L1
DISPLAY = NF2L1 (Mus musculus)
ORGANISM = mus musculus
PRINT ENTRY = NF-E2-related factor 1
PRINT ENTRY = NFE2-related factor 1
PRINT ENTRY = Nfe2l1
PRINT ENTRY = Nrf1
PRINT ENTRY = Nuclear factor erythroid 2-related factor 1
PRINT ENTRY = Nuclear factor, erythroid derived 2, like 1
FUNCTION = The short isoform interacts with the extended kappa 3 site of the TNF alpha promoter after Fc gamma RIII stimulation and participates in the induction of this cytokine. The long isoform is either inactive or represses the transcriptional activation
##
ID = TBP_EMENI
TYPE = de.julielab.jules.types.ResourceEntry
PARENT = TBP
DISPLAY = TBP (Emericella nidulans)
ORGANISM = emericella nidulans
PRINT ENTRY = TATA sequence-binding protein
PRINT ENTRY = TATA-binding factor
PRINT ENTRY = TATA-box factor
PRINT ENTRY = TATA-box-binding protein
PRINT ENTRY = TBP
PRINT ENTRY = Transcription initiation factor TFIID TBP subunit
PRINT ENTRY = tbp
PRINT ENTRY = tbpA
FUNCTION = TBP (Emericella nidulans)
##
ID = TBP_ENTHI
TYPE = de.julielab.jules.types.ResourceEntry
PARENT = TBP
DISPLAY = TBP (Entamoeba histolytica)
ORGANISM = entamoeba histolytica
PRINT ENTRY = TATA sequence-binding protein
PRINT ENTRY = TATA-binding factor
PRINT ENTRY = TATA-box factor
PRINT ENTRY = TATA-box-binding protein
PRINT ENTRY = TBP
PRINT ENTRY = Transcription initiation factor TFIID TBP subunit
FUNCTION = General transcription factor that functions at the core of the DNA-binding multiprotein factor TFIID. Binding of TFIID to the TATA box is the initial transcriptional step of the pre-initiation complex (PIC), playing a role in the activation of eukaryotic genes transcribed by RNA polymerase II
##
ID = TBP_THEAC
TYPE = de.julielab.jules.types.ResourceEntry
PARENT = TBP
DISPLAY = TBP (Thermoplasma acidophilum)
ORGANISM = thermoplasma acidophilum
PRINT ENTRY = BAP
PRINT ENTRY = Box A-binding protein
PRINT ENTRY = TATA sequence-binding protein
PRINT ENTRY = TATA-box factor
PRINT ENTRY = TATA-box-binding protein
PRINT ENTRY = TBP
PRINT ENTRY = tbp
FUNCTION = General factor that plays a role in the activation of archaeal genes transcribed by RNA polymerase. Binds specifically to the TATA box promoter element which lies close to the position of transcription initiation
##
ID = CBR1
TYPE = de.julielab.jules.types.ResourceEntry
PARENT = null
DISPLAY = CBR1 (any organism)
ORGANISM = any organism
PRINT ENTRY = 15-hydroxyprostaglandin dehydrogenase [NADP+]
PRINT ENTRY = CBR
PRINT ENTRY = CBR1
PRINT ENTRY = CRN
PRINT ENTRY = Carbonyl reductase [NADPH] 1
PRINT ENTRY = NADPH-dependent carbonyl reductase 1
PRINT ENTRY = Prostaglandin 9-ketoreductase
PRINT ENTRY = Prostaglandin-E(2) 9-reductase
FUNCTION = CBR1 (any organism)
##
ID = GLNA
TYPE = de.julielab.jules.types.ResourceEntry
PARENT = null
DISPLAY = GLNA (any organism)
ORGANISM = any organism
PRINT ENTRY = GS
PRINT ENTRY = Glns
PRINT ENTRY = Glul
PRINT ENTRY = Glutamate--ammonia ligase
PRINT ENTRY = Glutamine synthetase
FUNCTION = GLNA (any organism)
##
ID = NF2L1
TYPE = de.julielab.jules.types.ResourceEntry
PARENT = null
DISPLAY = NF2L1 (any organism)
ORGANISM = any organism
PRINT ENTRY = HBZ17
PRINT ENTRY = Locus control region-factor 1
PRINT ENTRY = NF-E2-related factor 1
PRINT ENTRY = NFE2-related factor 1
PRINT ENTRY = NFE2L1
PRINT ENTRY = NRF1
PRINT ENTRY = Nuclear factor erythroid 2-related factor 1
PRINT ENTRY = Nuclear factor, erythroid derived 2, like 1
PRINT ENTRY = TCF11
PRINT ENTRY = Transcription factor 11
PRINT ENTRY = Transcription factor HBZ17
PRINT ENTRY = Transcription factor LCR-F1
FUNCTION = Activates erythroid-specific, globin gene expression
##
ID = TBP
TYPE = de.julielab.jules.types.ResourceEntry
PARENT = null
DISPLAY = TBP (any organism)
ORGANISM = any organism
PRINT ENTRY = TATA sequence-binding protein
PRINT ENTRY = TATA-binding factor
PRINT ENTRY = TATA-box factor
PRINT ENTRY = TATA-box-binding protein
PRINT ENTRY = TBP
PRINT ENTRY = Transcription initiation factor TFIID TBP subunit
PRINT ENTRY = tbp
PRINT ENTRY = tbpA
FUNCTION = TBP (any organism)
##